venv\Scripts\python.exe : Traceback (most recent call last):
En línea: 1 Carácter: 1
+ venv\Scripts\python.exe -c "import app.main" 2> error_log.txt
+ ~~~~~~~~~~~~~~~~~~~~~~~~~~~~~~~~~~~~~~~~~~~~~~~~~~~~~~~~~~~~~
    + CategoryInfo              : NotSpecified: (Traceba    ck (most recent call las    t)::String) [], RemoteEx    ception
    + FullyQualifiedErrorId     : NativeCommandError
 
  File "<string>", line 1, in <module>
  File "D:\@ s\mi_app_musical\mi_app_musical\backend\app\main.py", line 3, in <module>
    from app.api.v1.api import api_router
  File "D:\@ s\mi_app_musical\mi_app_musical\backend\app\api\v1\api.py", line 2, in <module>
    from app.api.v1.endpoints import login, users, posts, feed, payments, analytics, search, notifications, collaboration
  File "D:\@ s\mi_app_musical\mi_app_musical\backend\app\api\v1\endpoints\users.py", line 70, in <module>
    username: Optional[str] = Form(None),
                              ^^^^
NameError: name 'Form' is not defined
